
> frontend@0.0.0 build
> vite build

[36mvite v7.3.1 [32mbuilding client environment for production...[36m[39m
transforming...
[32mΓ£ô[39m 4 modules transformed.
Γ£ù Build failed in 70ms
error during build:
[vite]: Rollup failed to resolve import "react-router-dom" from "C:/Users/SATYARANJAN/Desktop/AutoStylist/frontend/src/App.jsx".
This is most likely unintended because it can break your application at runtime.
If you do want to externalize this module explicitly add it to
`build.rollupOptions.external`
    at viteLog (file:///C:/Users/SATYARANJAN/Desktop/AutoStylist/frontend/node_modules/vite/dist/node/chunks/config.js:33635:57)
    at file:///C:/Users/SATYARANJAN/Desktop/AutoStylist/frontend/node_modules/vite/dist/node/chunks/config.js:33669:73
    at onwarn (file:///C:/Users/SATYARANJAN/Desktop/AutoStylist/frontend/node_modules/@vitejs/plugin-react/dist/index.js:76:7)
    at file:///C:/Users/SATYARANJAN/Desktop/AutoStylist/frontend/node_modules/vite/dist/node/chunks/config.js:33669:28
    at onRollupLog (file:///C:/Users/SATYARANJAN/Desktop/AutoStylist/frontend/node_modules/vite/dist/node/chunks/config.js:33664:63)
    at onLog (file:///C:/Users/SATYARANJAN/Desktop/AutoStylist/frontend/node_modules/vite/dist/node/chunks/config.js:33467:4)
    at file:///C:/Users/SATYARANJAN/Desktop/AutoStylist/frontend/node_modules/rollup/dist/es/shared/node-entry.js:20958:32
    at Object.logger [as onLog] (file:///C:/Users/SATYARANJAN/Desktop/AutoStylist/frontend/node_modules/rollup/dist/es/shared/node-entry.js:22945:9)
    at ModuleLoader.handleInvalidResolvedId (file:///C:/Users/SATYARANJAN/Desktop/AutoStylist/frontend/node_modules/rollup/dist/es/shared/node-entry.js:21689:26)
    at file:///C:/Users/SATYARANJAN/Desktop/AutoStylist/frontend/node_modules/rollup/dist/es/shared/node-entry.js:21647:26
